
> mauriciozanin-hub@1.0.0 prebuild
> node scripts/pre-build.js

✅ Variáveis de build geradas:
   Versão: V1.0.000
   Build: 92cface
   Ambiente: development
   Data: 2026-02-03T23:43:06.460Z

> mauriciozanin-hub@1.0.0 build
> next build

⚠ Invalid next.config.js options detected: 
⚠     Unrecognized key(s) in object: 'outputFileTracingExcludes' at "experimental"
⚠ See more info here: https://nextjs.org/docs/messages/invalid-next-config
⚠ `experimental.outputFileTracingExcludes` has been moved to `outputFileTracingExcludes`. Please update your next.config.js file accordingly.
▲ Next.js 16.1.6 (Turbopack)
- Environments: .env.local, .env
- Experiments (use with caution):
  ? outputFileTracingExcludes (invalid experimental key)

⚠ The "middleware" file convention is deprecated. Please use "proxy" instead. Learn more: https://nextjs.org/docs/messages/middleware-to-proxy
  Creating an optimized production build ...
✓ Compiled successfully in 3.0s
  Running TypeScript ...
  Collecting page data using 11 workers ...
[Storage] Credenciais R2 incompletas. Uploads falharão. Verifique R2_ACCOUNT_ID, R2_ACCESS_KEY_ID, R2_SECRET_ACCESS_KEY, R2_BUCKET_NAME.
  Generating static pages using 11 workers (0/75) ...
  Generating static pages using 11 workers (18/75) 
⨯ useSearchParams() should be wrapped in a suspense boundary at page "/404". Read more: https://nextjs.org/docs/messages/missing-suspense-with-csr-bailout
    at Q (/Users/macbookpro/Projetos/MAURICIOZANIN-HUB/.next/server/chunks/ssr/node_modules_next_920e7746._.js:2:2111)
    at o (/Users/macbookpro/Projetos/MAURICIOZANIN-HUB/.next/server/chunks/ssr/node_modules_next_920e7746._.js:4:5284)
    at o (/Users/macbookpro/Projetos/MAURICIOZANIN-HUB/.next/server/chunks/ssr/[root-of-the-server]__802258b3._.js:1:10513)
    at an (/Users/macbookpro/Projetos/MAURICIOZANIN-HUB/node_modules/next/dist/compiled/next-server/app-page-turbo.runtime.prod.js:2:84360)
    at ai (/Users/macbookpro/Projetos/MAURICIOZANIN-HUB/node_modules/next/dist/compiled/next-server/app-page-turbo.runtime.prod.js:2:86179)
    at ai (/Users/macbookpro/Projetos/MAURICIOZANIN-HUB/node_modules/next/dist/compiled/next-server/app-page-turbo.runtime.prod.js:2:104708)
    at al (/Users/macbookpro/Projetos/MAURICIOZANIN-HUB/node_modules/next/dist/compiled/next-server/app-page-turbo.runtime.prod.js:2:107953)
    at as (/Users/macbookpro/Projetos/MAURICIOZANIN-HUB/node_modules/next/dist/compiled/next-server/app-page-turbo.runtime.prod.js:2:105368)
    at am (/Users/macbookpro/Projetos/MAURICIOZANIN-HUB/node_modules/next/dist/compiled/next-server/app-page-turbo.runtime.prod.js:2:112882)
    at ai (/Users/macbookpro/Projetos/MAURICIOZANIN-HUB/node_modules/next/dist/compiled/next-server/app-page-turbo.runtime.prod.js:2:98808)
Error occurred prerendering page "/_not-found". Read more: https://nextjs.org/docs/messages/prerender-error
Export encountered an error on /_not-found/page: /_not-found, exiting the build.
⨯ useSearchParams() should be wrapped in a suspense boundary at page "/auth/cadastro". Read more: https://nextjs.org/docs/messages/missing-suspense-with-csr-bailout
    at Q (/Users/macbookpro/Projetos/MAURICIOZANIN-HUB/.next/server/chunks/ssr/node_modules_next_920e7746._.js:2:2111)
    at o (/Users/macbookpro/Projetos/MAURICIOZANIN-HUB/.next/server/chunks/ssr/node_modules_next_920e7746._.js:4:5284)
    at o (/Users/macbookpro/Projetos/MAURICIOZANIN-HUB/.next/server/chunks/ssr/[root-of-the-server]__30b2ae3b._.js:1:8391)
    at an (/Users/macbookpro/Projetos/MAURICIOZANIN-HUB/node_modules/next/dist/compiled/next-server/app-page-turbo.runtime.prod.js:2:84360)
    at ai (/Users/macbookpro/Projetos/MAURICIOZANIN-HUB/node_modules/next/dist/compiled/next-server/app-page-turbo.runtime.prod.js:2:86179)
    at ai (/Users/macbookpro/Projetos/MAURICIOZANIN-HUB/node_modules/next/dist/compiled/next-server/app-page-turbo.runtime.prod.js:2:104708)
    at al (/Users/macbookpro/Projetos/MAURICIOZANIN-HUB/node_modules/next/dist/compiled/next-server/app-page-turbo.runtime.prod.js:2:107953)
    at as (/Users/macbookpro/Projetos/MAURICIOZANIN-HUB/node_modules/next/dist/compiled/next-server/app-page-turbo.runtime.prod.js:2:105368)
    at am (/Users/macbookpro/Projetos/MAURICIOZANIN-HUB/node_modules/next/dist/compiled/next-server/app-page-turbo.runtime.prod.js:2:112882)
    at ai (/Users/macbookpro/Projetos/MAURICIOZANIN-HUB/node_modules/next/dist/compiled/next-server/app-page-turbo.runtime.prod.js:2:98808)
Error occurred prerendering page "/auth/cadastro". Read more: https://nextjs.org/docs/messages/prerender-error
Export encountered an error on /auth/cadastro/page: /auth/cadastro, exiting the build.
⨯ Next.js build worker exited with code: 1 and signal: null
